┏━━━━━━━━━━━━━━━━━━━━━━┳━━━━━━━━━━┳━━━━━━━━━━┳━━━━━━━━━━┳━━━━━━━━━━┳━━━━━━━━━━━┳━━━━━━━━━━┳━━━━━━━━━━━┳━━━━━━━━━━┳━━━━━━━━━━━┳━━━━━━━━━━┳━━━━━━━━━━━┳━━━━━━━━━━┓
┃                      ┃ Hold     ┃ Reg to   ┃          ┃          ┃ of which  ┃ Setup    ┃           ┃          ┃           ┃ of which ┃           ┃          ┃
┃                      ┃ Worst    ┃ Reg      ┃          ┃ Hold Vio ┃ reg to    ┃ Worst    ┃ Reg to    ┃ Setup    ┃ Setup Vio ┃ reg to   ┃ Max Cap   ┃ Max Slew ┃
┃ Corner/Group         ┃ Slack    ┃ Paths    ┃ Hold TNS ┃ Count    ┃ reg       ┃ Slack    ┃ Reg Paths ┃ TNS      ┃ Count     ┃ reg      ┃ Violatio… ┃ Violati… ┃
┡━━━━━━━━━━━━━━━━━━━━━━╇━━━━━━━━━━╇━━━━━━━━━━╇━━━━━━━━━━╇━━━━━━━━━━╇━━━━━━━━━━━╇━━━━━━━━━━╇━━━━━━━━━━━╇━━━━━━━━━━╇━━━━━━━━━━━╇━━━━━━━━━━╇━━━━━━━━━━━╇━━━━━━━━━━┩
│ Overall              │ 4.5810   │ N/A      │ 0.0000   │ 0        │ 0         │ -4.0276  │ N/A       │ -26.5927 │ 13        │ 0        │ 33        │ 33       │
│ nom_tt_025C_1v80     │ 5.8237   │ N/A      │ 0.0000   │ 0        │ 0         │ 5.1243   │ N/A       │ 0.0000   │ 0         │ 0        │ 33        │ 33       │
│ nom_ss_100C_1v60     │ 8.9497   │ N/A      │ 0.0000   │ 0        │ 0         │ -4.0276  │ N/A       │ -26.5927 │ 13        │ 0        │ 33        │ 33       │
│ nom_ff_n40C_1v95     │ 4.5810   │ N/A      │ 0.0000   │ 0        │ 0         │ 9.0293   │ N/A       │ 0.0000   │ 0         │ 0        │ 33        │ 33       │
└──────────────────────┴──────────┴──────────┴──────────┴──────────┴───────────┴──────────┴───────────┴──────────┴───────────┴──────────┴───────────┴──────────┘
